// Jest Snapshot v1, https://goo.gl/fbAQLP

exports[`<AboutPage /> should render correctly 1`] = `
<div>
  <HelmetWrapper
    encodeSpecialCharacters={true}
    title="About"
  />
  About
</div>
`;
