// Jest Snapshot v1, https://goo.gl/fbAQLP

exports[`<HomePage /> should render correctly 1`] = `
<div>
  <HelmetWrapper
    encodeSpecialCharacters={true}
    title="Home"
  />
  Home
</div>
`;
